
> webpage@0.1.0 build
> prisma generate && next build

Environment variables loaded from .env
Prisma schema loaded from prisma\schema.prisma

Ôťö Generated Prisma Client (v5.22.0) to .\node_modules\@prisma\client in 203ms

Start by importing your Prisma Client (See: https://pris.ly/d/importing-client)

Tip: Want to turn off tips and other hints? https://pris.ly/tip-4-nohints

node.exe : ÔöîÔöÇÔöÇÔö
ÇÔöÇÔöÇÔöÇÔöÇÔöÇÔöÇÔöÇ
ÔöÇÔöÇÔöÇÔöÇÔöÇÔöÇÔöÇÔ
öÇÔöÇÔöÇÔöÇÔöÇÔöÇÔöÇÔö
ÇÔöÇÔöÇÔöÇÔöÇÔöÇÔöÇÔöÇ
ÔöÇÔöÇÔöÇÔöÇÔöÇÔöÇÔöÇÔ
öÇÔöÇÔöÇÔöÇÔöÇÔöÇÔöÇÔö
ÇÔöÇÔöÇÔöÇÔöÇÔöÇÔöÇÔöÇ
ÔöÇÔöÇÔöÇÔöÉ
At line:1 char:1
+ & "C:\Program Files\
nodejs/node.exe" "C:\P
rogram Files\nodejs/no
de_mo ...
+ ~~~~~~~~~~~~~~~~~~~~
~~~~~~~~~~~~~~~~~~~~~~
~~~~~~~~~~~~~~~~~~~~~~
~~~~~
    + CategoryInfo    
          : NotSpeci  
  fied: (ÔöîÔöÇÔöÇÔ   
 öÇÔöÇ...ÔöÇÔöÇÔöÇ    
ÔöÇÔöÉ:String) []    ,
 RemoteException
    + FullyQualifiedE 
   rrorId : NativeCo  
  mmandError
 
Ôöé  Update available 
5.22.0 -> 7.3.0       
                Ôöé
Ôöé                   
                      
                Ôöé
Ôöé  This is a major u
pdate - please follow 
the guide at    Ôöé
Ôöé  https://pris.ly/d
/major-version-upgrade
                Ôöé
Ôöé                   
                      
                Ôöé
Ôöé  Run the following
 to update            
                Ôöé
Ôöé    npm i --save-de
v prisma@latest       
                Ôöé
Ôöé    npm i @prisma/c
lient@latest          
                Ôöé
ÔööÔöÇÔöÇÔöÇÔöÇÔöÇÔöÇÔ
öÇÔöÇÔöÇÔöÇÔöÇÔöÇÔöÇÔö
ÇÔöÇÔöÇÔöÇÔöÇÔöÇÔöÇÔöÇ
ÔöÇÔöÇÔöÇÔöÇÔöÇÔöÇÔöÇÔ
öÇÔöÇÔöÇÔöÇÔöÇÔöÇÔöÇÔö
ÇÔöÇÔöÇÔöÇÔöÇÔöÇÔöÇÔöÇ
ÔöÇÔöÇÔöÇÔöÇÔöÇÔöÇÔöÇÔ
öÇÔöÇÔöÇÔöÇÔöÇÔöÇÔöÇÔö
ś
[baseline-browser-mapp
ing] The data in this 
module is over two mon
ths old.  To ensure ac
curate Baseline data, 
please update: `npm i 
baseline-browser-mappi
ng@latest -D`
   Ôľ▓ Next.js 16.0.8 (Turbopack)
   - Environments: .env
   - Experiments (use with caution):
     ┬Ě clientTraceMetadata
     ┬Ě serverActions

 ÔÜá The "middleware" 
file convention is dep
recated. Please use "p
roxy" instead. Learn m
ore: https://nextjs.or
g/docs/messages/middle
ware-to-proxy
   Creating an optimized production build ...
[baseline-browser-mapp
ing] The data in this 
module is over two mon
ths old.  To ensure ac
curate Baseline data, 
please update: `npm i 
baseline-browser-mappi
ng@latest -D`
 Ôťô Compiled successfully in 22.2s
   Running next.config.js provided runAfterProductionCompile ...
 Ôťô Completed runAfterProductionCompile in 1064ms
   Running TypeScript ...
Failed to compile.

.next/dev/types/valida
tor.ts:710:39
Type error: Cannot fin
d module '../../../src
/app/api/payment/ipn/r
oute.js' or its corres
ponding type declarati
ons.

[0m [90m 708 |[39m 
{
 [90m 709 |[39m   ty
pe __IsExpected[33m<
[39m[33mSpecific[39m
 [36mextends[39m [3
3mRouteHandlerConfig[
39m[33m<[39m[32m"/a
pi/payment/ipn"[39m[
33m>>[39m [33m=[39m
 [33mSpecific[39m
[31m[1m>[22m[39m[
90m 710 |[39m   [36m
const[39m handler [3
3m=[39m {} [36mas[3
9m [36mtypeof[39m [
36mimport[39m([32m".
./../../src/app/api/pa
yment/ipn/route.js"[3
9m)
 [90m     |[39m     
                      
            [31m[1m^
[22m[39m
 [90m 711 |[39m   ty
pe __Check [33m=[39m
 __IsExpected[33m<[3
9m[36mtypeof[39m han
dler[33m>[39m
 [90m 712 |[39m   [
90m// @ts-ignore[39m
 [90m 713 |[39m   ty
pe __Unused [33m=[39
m __Check[0m
Next.js build worker e
xited with code: 1 and
 signal: null
