src/components/3d/NetworkVisualization.tsx(232,26): error TS2694: Namespace 'global.JSX' has no exported member 'Element'.
